2026-09-25 22:04:51,937 [INFO] __main__: === Pipeline run started ===
2026-09-25 22:04:51,937 [INFO] __main__: Starting step: extract
2026-09-25 22:04:51,937 [INFO] pipeline.extract: Loading shopping CSV file 2019-Oct.csv
2026-09-25 22:04:52,539 [ERROR] __main__: Step failed: extract
Traceback (most recent call last):
  File "/Users/brunamendes/Desktop/AECOM/crypto-shopping-pipeline/pipeline/run.py", line 65, in timed
    yield
  File "/Users/brunamendes/Desktop/AECOM/crypto-shopping-pipeline/pipeline/run.py", line 83, in main
    shopping_raw = load_shopping_dataset(CSV_PATH)
  File "/Users/brunamendes/Desktop/AECOM/crypto-shopping-pipeline/pipeline/extract.py", line 41, in load_shopping_dataset
    df = kagglehub.dataset_load(
        KaggleDatasetAdapter.PANDAS,
        "mkechinov/ecommerce-behavior-data-from-multi-category-store",path)
  File "/Users/brunamendes/Desktop/AECOM/crypto-shopping-pipeline/.venv/lib/python3.13/site-packages/kagglehub/datasets.py", line 155, in dataset_load
    return kagglehub.pandas_datasets.load_pandas_dataset(
           ~~~~~~~~~~~~~~~~~~~~~~~~~~~~~~~~~~~~~~~~~~~~~^
        handle, path, pandas_kwargs=pandas_kwargs, sql_query=sql_query
        ^^^^^^^^^^^^^^^^^^^^^^^^^^^^^^^^^^^^^^^^^^^^^^^^^^^^^^^^^^^^^^
    )
    ^
  File "/Users/brunamendes/Desktop/AECOM/crypto-shopping-pipeline/.venv/lib/python3.13/site-packages/kagglehub/pandas_datasets.py", line 90, in load_pandas_dataset
    filepath = dataset_download(handle, path)
  File "/Users/brunamendes/Desktop/AECOM/crypto-shopping-pipeline/.venv/lib/python3.13/site-packages/kagglehub/datasets.py", line 52, in dataset_download
    resolved_path, _ = registry.dataset_resolver(
                       ~~~~~~~~~~~~~~~~~~~~~~~~~^
        h,
        ^^
    ...<2 lines>...
        output_dir=output_dir,
        ^^^^^^^^^^^^^^^^^^^^^^
    )
    ^
  File "/Users/brunamendes/Desktop/AECOM/crypto-shopping-pipeline/.venv/lib/python3.13/site-packages/kagglehub/registry.py", line 28, in __call__
    return impl(*args, **kwargs)
  File "/Users/brunamendes/Desktop/AECOM/crypto-shopping-pipeline/.venv/lib/python3.13/site-packages/kagglehub/resolver.py", line 35, in __call__
    path, version = self._resolve(
                    ~~~~~~~~~~~~~^
        handle,
        ^^^^^^^
    ...<2 lines>...
        output_dir=output_dir,
        ^^^^^^^^^^^^^^^^^^^^^^
    )
    ^
  File "/Users/brunamendes/Desktop/AECOM/crypto-shopping-pipeline/.venv/lib/python3.13/site-packages/kagglehub/http_resolver.py", line 137, in _resolve
    r = _build_dataset_download_request(h, path)
  File "/Users/brunamendes/Desktop/AECOM/crypto-shopping-pipeline/.venv/lib/python3.13/site-packages/kagglehub/http_resolver.py", line 434, in _build_dataset_download_request
    r.file_name = path
    ^^^^^^^^^^^
  File "/Users/brunamendes/Desktop/AECOM/crypto-shopping-pipeline/.venv/lib/python3.13/site-packages/kagglesdk/kaggle_object.py", line 305, in __setattr__
    object.__setattr__(self, key, value)
    ~~~~~~~~~~~~~~~~~~^^^^^^^^^^^^^^^^^^
  File "/Users/brunamendes/Desktop/AECOM/crypto-shopping-pipeline/.venv/lib/python3.13/site-packages/kagglesdk/datasets/types/dataset_api_service.py", line 1668, in file_name
    raise TypeError('file_name must be of type str')
TypeError: file_name must be of type str
2026-09-25 22:08:40,622 [INFO] __main__: === Pipeline run started ===
2026-09-25 22:08:40,622 [INFO] __main__: Starting step: extract
2026-09-25 22:08:40,623 [INFO] pipeline.extract: Loading shopping CSV file 2019-Oct.csv
2026-09-25 22:13:08,495 [INFO] pipeline.extract: Loaded 42448764 rows, 9 columns
2026-09-25 22:13:10,364 [INFO] pipeline.extract: Fetched 21589 coin ids from CoinGecko
2026-09-25 22:13:10,904 [WARNING] pipeline.extract: Multiple matches for 'bitcoin', using first: aurasaylorfortniteyoda67inu
2026-09-25 22:13:10,912 [WARNING] pipeline.extract: Multiple matches for 'ethereum', using first: ethereum
2026-09-25 22:13:10,933 [WARNING] pipeline.extract: Multiple matches for 'solana', using first: barbiecrashbandicootrfk88
2026-09-25 22:13:10,934 [INFO] pipeline.extract: Starting concurrent historical extraction for 5 coins with 5 workers
2026-09-25 22:13:11,631 [INFO] pipeline.extract: Completed historical extraction: coin_id=aurasaylorfortniteyoda67inu rows=16
2026-09-25 22:13:11,652 [INFO] pipeline.extract: Completed historical extraction: coin_id=ethereum rows=365
2026-09-25 22:13:11,655 [INFO] pipeline.extract: Completed historical extraction: coin_id=tether rows=365
2026-09-25 22:13:11,655 [INFO] pipeline.extract: Completed historical extraction: coin_id=binancecoin rows=365
2026-09-25 22:13:11,657 [INFO] pipeline.extract: Completed historical extraction: coin_id=barbiecrashbandicootrfk88 rows=365
2026-09-25 22:13:11,664 [INFO] __main__: Finished step: extract (271.04s)
2026-09-25 22:13:11,665 [INFO] __main__: Starting step: transform
2026-09-25 22:15:02,609 [INFO] pipeline.transform: Purchase df null columns:
event_time              0
event_type              0
product_id              0
category_id             0
category_code    13515609
brand             6117080
price                   0
user_id                 0
user_session            2
2026-09-25 22:15:06,129 [INFO] pipeline.transform: Event types in dataset:
event_type
view        40779399
cart          926516
purchase      742849
2026-09-25 22:15:13,323 [INFO] pipeline.transform: clean_shopping: kept 742849/42448764 rows with event_type == 'purchase'
2026-09-25 22:15:13,379 [INFO] pipeline.transform: clean_shopping: 42448764 -> 742849 rows (dropped 41705915, capped 7410)
2026-09-25 22:15:17,720 [INFO] pipeline.transform: shift_year: event_time shifted from 2019 -> 2025 (742849 rows, range 2025-10-01 to 2025-10-31)
2026-09-25 22:15:17,782 [ERROR] __main__: Step failed: transform
Traceback (most recent call last):
  File "/Users/brunamendes/Desktop/AECOM/crypto-shopping-pipeline/pipeline/run.py", line 65, in timed
    yield
  File "/Users/brunamendes/Desktop/AECOM/crypto-shopping-pipeline/pipeline/run.py", line 101, in main
    crypto = add_crypto_metrics(crypto_raw)
  File "/Users/brunamendes/Desktop/AECOM/crypto-shopping-pipeline/pipeline/transform.py", line 133, in add_crypto_metrics
    df.loc[group.index[valid], "vol_bucket"] = pd.qcut(
                                               ~~~~~~~^
        group.loc[valid, "volatility_7d"],
        ^^^^^^^^^^^^^^^^^^^^^^^^^^^^^^^^^^
        q=3,
        ^^^^
        labels=["low", "medium", "high"],
        ^^^^^^^^^^^^^^^^^^^^^^^^^^^^^^^^^
    )
    ^
  File "/Users/brunamendes/Desktop/AECOM/crypto-shopping-pipeline/.venv/lib/python3.13/site-packages/pandas/core/reshape/tile.py", line 384, in qcut
    fac, bins = _bins_to_cuts(
                ~~~~~~~~~~~~~^
        x_idx,
        ^^^^^^
    ...<4 lines>...
        duplicates=duplicates,
        ^^^^^^^^^^^^^^^^^^^^^^
    )
    ^
  File "/Users/brunamendes/Desktop/AECOM/crypto-shopping-pipeline/.venv/lib/python3.13/site-packages/pandas/core/reshape/tile.py", line 487, in _bins_to_cuts
    raise ValueError(
    ...<2 lines>...
    )
ValueError: Bin edges must be unique: Index([0.0, 0.0, 0.0, 0.0], dtype='float64', name='volatility_7d').
You can drop duplicate edges by setting the 'duplicates' kwarg
2026-09-25 22:43:11,309 [INFO] __main__: === Pipeline run started ===
2026-09-25 22:43:11,310 [INFO] __main__: Starting step: extract
2026-09-25 22:43:11,311 [INFO] pipeline.extract: Loading shopping CSV file 2019-Oct.csv
2026-09-25 22:43:11,831 [INFO] __main__: === Pipeline run started ===
2026-09-25 22:43:11,833 [INFO] __main__: Starting step: extract
2026-09-25 22:43:11,835 [INFO] pipeline.extract: Loading shopping CSV file 2019-Oct.csv
2026-09-25 22:44:59,519 [INFO] pipeline.extract: Loaded 42448764 rows, 9 columns
2026-09-25 22:44:59,596 [INFO] pipeline.extract: Loaded 42448764 rows, 9 columns
2026-09-25 22:45:04,269 [INFO] pipeline.extract: Using cached coins list (21589 coins)
2026-09-25 22:45:04,288 [INFO] pipeline.extract: Fetched 21589 coin ids from CoinGecko
2026-09-25 22:45:04,715 [INFO] pipeline.extract: Using cached coins list (21589 coins)
2026-09-25 22:45:04,730 [INFO] pipeline.extract: Fetched 21589 coin ids from CoinGecko
2026-09-25 22:45:05,216 [WARNING] pipeline.extract: Multiple matches for 'bitcoin', using first: aurasaylorfortniteyoda67inu
2026-09-25 22:45:05,223 [WARNING] pipeline.extract: Multiple matches for 'ethereum', using first: ethereum
2026-09-25 22:45:05,243 [WARNING] pipeline.extract: Multiple matches for 'solana', using first: barbiecrashbandicootrfk88
2026-09-25 22:45:05,244 [INFO] pipeline.extract: Starting concurrent historical extraction for 5 coins with 5 workers
2026-09-25 22:45:05,687 [WARNING] pipeline.extract: Multiple matches for 'bitcoin', using first: aurasaylorfortniteyoda67inu
2026-09-25 22:45:05,695 [WARNING] pipeline.extract: Multiple matches for 'ethereum', using first: ethereum
2026-09-25 22:45:05,719 [WARNING] pipeline.extract: Multiple matches for 'solana', using first: barbiecrashbandicootrfk88
2026-09-25 22:45:05,720 [INFO] pipeline.extract: Starting concurrent historical extraction for 5 coins with 5 workers
2026-09-25 22:45:06,187 [INFO] pipeline.extract: Using cached response for range_barbiecrashbandicootrfk88_2025-09-26_2026-09-26
2026-09-25 22:45:06,235 [INFO] pipeline.extract: Completed historical extraction: coin_id=barbiecrashbandicootrfk88 rows=365
2026-09-25 22:45:06,779 [INFO] pipeline.extract: Using cached response for range_barbiecrashbandicootrfk88_2025-09-26_2026-09-26
2026-09-25 22:45:06,824 [INFO] pipeline.extract: Completed historical extraction: coin_id=barbiecrashbandicootrfk88 rows=365
2026-09-25 22:45:06,913 [INFO] pipeline.extract: Using cached response for range_tether_2025-09-26_2026-09-26
2026-09-25 22:45:06,915 [INFO] pipeline.extract: Using cached response for range_binancecoin_2025-09-26_2026-09-26
2026-09-25 22:45:06,915 [INFO] pipeline.extract: Using cached response for range_aurasaylorfortniteyoda67inu_2025-09-26_2026-09-26
2026-09-25 22:45:06,921 [INFO] pipeline.extract: Completed historical extraction: coin_id=tether rows=365
2026-09-25 22:45:06,929 [INFO] pipeline.extract: Completed historical extraction: coin_id=binancecoin rows=365
2026-09-25 22:45:06,930 [INFO] pipeline.extract: Completed historical extraction: coin_id=aurasaylorfortniteyoda67inu rows=16
2026-09-25 22:45:07,105 [INFO] pipeline.extract: Using cached response for range_tether_2025-09-26_2026-09-26
2026-09-25 22:45:07,108 [INFO] pipeline.extract: Completed historical extraction: coin_id=tether rows=365
2026-09-25 22:45:07,108 [INFO] pipeline.extract: Using cached response for range_aurasaylorfortniteyoda67inu_2025-09-26_2026-09-26
2026-09-25 22:45:07,109 [INFO] pipeline.extract: Using cached response for range_binancecoin_2025-09-26_2026-09-26
2026-09-25 22:45:07,111 [INFO] pipeline.extract: Completed historical extraction: coin_id=aurasaylorfortniteyoda67inu rows=16
2026-09-25 22:45:07,112 [INFO] pipeline.extract: Completed historical extraction: coin_id=binancecoin rows=365
2026-09-25 22:45:07,132 [INFO] pipeline.extract: Using cached response for range_ethereum_2025-09-26_2026-09-26
2026-09-25 22:45:07,134 [INFO] pipeline.extract: Completed historical extraction: coin_id=ethereum rows=365
2026-09-25 22:45:07,136 [INFO] __main__: Finished step: extract (115.83s)
2026-09-25 22:45:07,136 [INFO] __main__: Starting step: transform
2026-09-25 22:45:07,659 [INFO] pipeline.extract: Using cached response for range_ethereum_2025-09-26_2026-09-26
2026-09-25 22:45:07,661 [INFO] pipeline.extract: Completed historical extraction: coin_id=ethereum rows=365
2026-09-25 22:45:07,663 [INFO] __main__: Finished step: extract (115.83s)
2026-09-25 22:45:07,663 [INFO] __main__: Starting step: transform
2026-09-25 22:48:13,559 [INFO] pipeline.transform: Purchase df null columns:
event_time              0
event_type              0
product_id              0
category_id             0
category_code    13515609
brand             6117080
price                   0
user_id                 0
user_session            2
2026-09-25 22:48:15,000 [INFO] pipeline.transform: Purchase df null columns:
event_time              0
event_type              0
product_id              0
category_id             0
category_code    13515609
brand             6117080
price                   0
user_id                 0
user_session            2
2026-09-25 22:48:19,303 [INFO] pipeline.transform: Event types in dataset:
event_type
view        40779399
cart          926516
purchase      742849
2026-09-25 22:48:20,440 [INFO] pipeline.transform: Event types in dataset:
event_type
view        40779399
cart          926516
purchase      742849
2026-09-25 22:49:05,964 [INFO] pipeline.transform: clean_shopping: kept 742849/42448764 rows with event_type == 'purchase'
2026-09-25 22:49:06,080 [INFO] pipeline.transform: clean_shopping: 42448764 -> 742849 rows (dropped 41705915, capped 7410)
2026-09-25 22:49:06,793 [INFO] pipeline.transform: clean_shopping: kept 742849/42448764 rows with event_type == 'purchase'
2026-09-25 22:49:06,893 [INFO] pipeline.transform: clean_shopping: 42448764 -> 742849 rows (dropped 41705915, capped 7410)
2026-09-25 22:49:09,421 [INFO] pipeline.transform: shift_year: event_time shifted from 2019 -> 2025 (742849 rows, range 2025-10-01 to 2025-10-31)
2026-09-25 22:49:09,658 [WARNING] pipeline.transform: add_crypto_metrics: tether has only 1 distinct volatility value(s) in the valid window — using fewer buckets instead of the usual low/medium/high split
2026-09-25 22:49:09,659 [INFO] pipeline.transform: add_crypto_metrics: 1476 rows, 5 coins, 1086 bucketed rows
2026-09-25 22:49:10,269 [INFO] pipeline.transform: join_purchases_crypto: 2971396 purchases joined, 742849 unmatched (25.0%),5 coins
2026-09-25 22:49:10,273 [INFO] pipeline.transform: shift_year: event_time shifted from 2019 -> 2025 (742849 rows, range 2025-10-01 to 2025-10-31)
2026-09-25 22:49:10,288 [INFO] __main__: Finished step: transform (243.15s)
2026-09-25 22:49:10,289 [INFO] __main__: Starting step: validate
2026-09-25 22:49:10,581 [WARNING] pipeline.transform: add_crypto_metrics: tether has only 1 distinct volatility value(s) in the valid window — using fewer buckets instead of the usual low/medium/high split
2026-09-25 22:49:10,582 [INFO] pipeline.transform: add_crypto_metrics: 1476 rows, 5 coins, 1086 bucketed rows
2026-09-25 22:49:11,442 [INFO] pipeline.transform: join_purchases_crypto: 2971396 purchases joined, 742849 unmatched (25.0%),5 coins
2026-09-25 22:49:11,598 [INFO] __main__: Finished step: transform (243.94s)
2026-09-25 22:49:11,598 [INFO] __main__: Starting step: validate
2026-09-25 22:49:12,226 [INFO] pipeline.transform: validate_all: 2971092 good, 304 rejected ({'duplicate_row': 304})
2026-09-25 22:49:12,400 [WARNING] __main__: 304 rows failed validation and were rejected
2026-09-25 22:49:12,401 [INFO] __main__: Finished step: validate (2.11s)
2026-09-25 22:49:12,401 [INFO] __main__: Starting step: load
2026-09-25 22:49:13,643 [INFO] pipeline.transform: validate_all: 2971092 good, 304 rejected ({'duplicate_row': 304})
2026-09-25 22:49:13,721 [WARNING] __main__: 304 rows failed validation and were rejected
2026-09-25 22:49:13,722 [INFO] __main__: Finished step: validate (2.12s)
2026-09-25 22:49:13,722 [INFO] __main__: Starting step: load
2026-09-25 22:49:31,827 [ERROR] __main__: Step failed: load
Traceback (most recent call last):
  File "/Users/brunamendes/Desktop/AECOM/crypto-shopping-pipeline/pipeline/run.py", line 65, in timed
    yield
  File "/Users/brunamendes/Desktop/AECOM/crypto-shopping-pipeline/pipeline/run.py", line 112, in main
    engine = get_engine()
  File "/Users/brunamendes/Desktop/AECOM/crypto-shopping-pipeline/pipeline/load.py", line 43, in get_engine
    return create_engine(url)
  File "<sqlalchemy generated warned() wrapper for sqlalchemy.engine.create.create_engine>", line 2, in create_engine
    return target(fn, url, **kwargs)
  File "/Users/brunamendes/Desktop/AECOM/crypto-shopping-pipeline/.venv/lib/python3.13/site-packages/sqlalchemy/util/deprecations.py", line 281, in warned
    return fn(*args, **kwargs)  # type: ignore[no-any-return]
  File "/Users/brunamendes/Desktop/AECOM/crypto-shopping-pipeline/.venv/lib/python3.13/site-packages/sqlalchemy/engine/create.py", line 602, in create_engine
    dbapi = dbapi_meth(**dbapi_args)
  File "/Users/brunamendes/Desktop/AECOM/crypto-shopping-pipeline/.venv/lib/python3.13/site-packages/sqlalchemy/dialects/postgresql/psycopg.py", line 497, in import_dbapi
    import psycopg
ModuleNotFoundError: No module named 'psycopg'
2026-09-25 22:49:31,286 [ERROR] __main__: Step failed: load
Traceback (most recent call last):
  File "/Users/brunamendes/Desktop/AECOM/crypto-shopping-pipeline/pipeline/run.py", line 65, in timed
    yield
  File "/Users/brunamendes/Desktop/AECOM/crypto-shopping-pipeline/pipeline/run.py", line 112, in main
    engine = get_engine()
  File "/Users/brunamendes/Desktop/AECOM/crypto-shopping-pipeline/pipeline/load.py", line 43, in get_engine
    return create_engine(url)
  File "<sqlalchemy generated warned() wrapper for sqlalchemy.engine.create.create_engine>", line 2, in create_engine
    return target(fn, url, **kwargs)
  File "/Users/brunamendes/Desktop/AECOM/crypto-shopping-pipeline/.venv/lib/python3.13/site-packages/sqlalchemy/util/deprecations.py", line 281, in warned
    return fn(*args, **kwargs)  # type: ignore[no-any-return]
  File "/Users/brunamendes/Desktop/AECOM/crypto-shopping-pipeline/.venv/lib/python3.13/site-packages/sqlalchemy/engine/create.py", line 602, in create_engine
    dbapi = dbapi_meth(**dbapi_args)
  File "/Users/brunamendes/Desktop/AECOM/crypto-shopping-pipeline/.venv/lib/python3.13/site-packages/sqlalchemy/dialects/postgresql/psycopg.py", line 497, in import_dbapi
    import psycopg
ModuleNotFoundError: No module named 'psycopg'
2026-09-25 23:25:26,556 [INFO] __main__: === Pipeline run started ===
2026-09-25 23:25:26,559 [INFO] __main__: Starting step: extract
2026-09-25 23:25:26,559 [INFO] pipeline.extract: Loading shopping CSV file 2019-Oct.csv
2026-09-25 23:26:19,913 [INFO] pipeline.extract: Loaded 42448764 rows, 9 columns
2026-09-25 23:26:19,951 [INFO] pipeline.extract: Using cached coins list (21589 coins)
2026-09-25 23:26:19,959 [INFO] pipeline.extract: Fetched 21589 coin ids from CoinGecko
2026-09-25 23:26:22,574 [WARNING] pipeline.extract: Multiple matches for 'bitcoin', using first: aurasaylorfortniteyoda67inu
2026-09-25 23:26:22,584 [WARNING] pipeline.extract: Multiple matches for 'ethereum', using first: ethereum
2026-09-25 23:26:22,611 [WARNING] pipeline.extract: Multiple matches for 'solana', using first: barbiecrashbandicootrfk88
2026-09-25 23:26:22,612 [INFO] pipeline.extract: Starting concurrent historical extraction for 5 coins with 5 workers
2026-09-25 23:26:22,619 [INFO] pipeline.extract: Using cached response for range_aurasaylorfortniteyoda67inu_2025-09-26_2026-09-26
2026-09-25 23:26:22,619 [INFO] pipeline.extract: Using cached response for range_tether_2025-09-26_2026-09-26
2026-09-25 23:26:22,620 [INFO] pipeline.extract: Using cached response for range_ethereum_2025-09-26_2026-09-26
2026-09-25 23:26:22,620 [INFO] pipeline.extract: Using cached response for range_barbiecrashbandicootrfk88_2025-09-26_2026-09-26
2026-09-25 23:26:22,627 [INFO] pipeline.extract: Using cached response for range_binancecoin_2025-09-26_2026-09-26
2026-09-25 23:26:22,647 [INFO] pipeline.extract: Completed historical extraction: coin_id=aurasaylorfortniteyoda67inu rows=16
2026-09-25 23:26:22,656 [INFO] pipeline.extract: Completed historical extraction: coin_id=tether rows=365
2026-09-25 23:26:22,656 [INFO] pipeline.extract: Completed historical extraction: coin_id=ethereum rows=365
2026-09-25 23:26:22,656 [INFO] pipeline.extract: Completed historical extraction: coin_id=barbiecrashbandicootrfk88 rows=365
2026-09-25 23:26:22,656 [INFO] pipeline.extract: Completed historical extraction: coin_id=binancecoin rows=365
2026-09-25 23:26:22,657 [INFO] __main__: Finished step: extract (56.10s)
2026-09-25 23:26:22,657 [INFO] __main__: Starting step: transform
2026-09-25 23:26:54,865 [INFO] pipeline.transform: Purchase df null columns:
event_time              0
event_type              0
product_id              0
category_id             0
category_code    13515609
brand             6117080
price                   0
user_id                 0
user_session            2
2026-09-25 23:26:57,850 [INFO] pipeline.transform: Event types in dataset:
event_type
view        40779399
cart          926516
purchase      742849
2026-09-25 23:27:01,386 [INFO] pipeline.transform: clean_shopping: kept 742849/42448764 rows with event_type == 'purchase'
2026-09-25 23:27:01,416 [INFO] pipeline.transform: clean_shopping: 42448764 -> 742849 rows (dropped 41705915, capped 7410)
2026-09-25 23:27:03,842 [INFO] pipeline.transform: shift_year: event_time shifted from 2019 -> 2025 (742849 rows, range 2025-10-01 to 2025-10-31)
2026-09-25 23:27:03,878 [WARNING] pipeline.transform: add_crypto_metrics: tether has only 1 distinct volatility value(s) in the valid window — using fewer buckets instead of the usual low/medium/high split
2026-09-25 23:27:03,879 [INFO] pipeline.transform: add_crypto_metrics: 1476 rows, 5 coins, 1086 bucketed rows
2026-09-25 23:27:04,336 [INFO] pipeline.transform: join_purchases_crypto: 2971396 purchases joined, 742849 unmatched (25.0%),5 coins
2026-09-25 23:27:04,349 [INFO] __main__: Finished step: transform (41.69s)
2026-09-25 23:27:04,349 [INFO] __main__: Starting step: validate
2026-09-25 23:27:05,676 [INFO] pipeline.transform: validate_all: 2971092 good, 304 rejected ({'duplicate_row': 304})
2026-09-25 23:27:05,732 [WARNING] __main__: 304 rows failed validation and were rejected
2026-09-25 23:27:05,733 [INFO] __main__: Finished step: validate (1.38s)
2026-09-25 23:27:05,733 [INFO] __main__: Starting step: load
2026-09-25 23:27:12,162 [ERROR] __main__: Step failed: load
Traceback (most recent call last):
  File "/Users/brunamendes/Desktop/AECOM/crypto-shopping-pipeline/.venv/lib/python3.13/site-packages/sqlalchemy/engine/base.py", line 149, in __init__
    self._dbapi_connection = engine.raw_connection()
                             ~~~~~~~~~~~~~~~~~~~~~^^
  File "/Users/brunamendes/Desktop/AECOM/crypto-shopping-pipeline/.venv/lib/python3.13/site-packages/sqlalchemy/engine/base.py", line 3284, in raw_connection
    return self.pool.connect()
           ~~~~~~~~~~~~~~~~~^^
  File "/Users/brunamendes/Desktop/AECOM/crypto-shopping-pipeline/.venv/lib/python3.13/site-packages/sqlalchemy/pool/base.py", line 445, in connect
    return _ConnectionFairy._checkout(self)
           ~~~~~~~~~~~~~~~~~~~~~~~~~~^^^^^^
  File "/Users/brunamendes/Desktop/AECOM/crypto-shopping-pipeline/.venv/lib/python3.13/site-packages/sqlalchemy/pool/base.py", line 1287, in _checkout
    fairy = _ConnectionRecord.checkout(pool)
  File "/Users/brunamendes/Desktop/AECOM/crypto-shopping-pipeline/.venv/lib/python3.13/site-packages/sqlalchemy/pool/base.py", line 709, in checkout
    rec = pool._do_get()
  File "/Users/brunamendes/Desktop/AECOM/crypto-shopping-pipeline/.venv/lib/python3.13/site-packages/sqlalchemy/pool/impl.py", line 176, in _do_get
    with util.safe_reraise():
         ~~~~~~~~~~~~~~~~~^^
  File "/Users/brunamendes/Desktop/AECOM/crypto-shopping-pipeline/.venv/lib/python3.13/site-packages/sqlalchemy/util/langhelpers.py", line 166, in __exit__
    raise exc_value.with_traceback(exc_tb)
  File "/Users/brunamendes/Desktop/AECOM/crypto-shopping-pipeline/.venv/lib/python3.13/site-packages/sqlalchemy/pool/impl.py", line 174, in _do_get
    return self._create_connection()
           ~~~~~~~~~~~~~~~~~~~~~~~^^
  File "/Users/brunamendes/Desktop/AECOM/crypto-shopping-pipeline/.venv/lib/python3.13/site-packages/sqlalchemy/pool/base.py", line 386, in _create_connection
    return _ConnectionRecord(self)
  File "/Users/brunamendes/Desktop/AECOM/crypto-shopping-pipeline/.venv/lib/python3.13/site-packages/sqlalchemy/pool/base.py", line 671, in __init__
    self.__connect()
    ~~~~~~~~~~~~~~^^
  File "/Users/brunamendes/Desktop/AECOM/crypto-shopping-pipeline/.venv/lib/python3.13/site-packages/sqlalchemy/pool/base.py", line 895, in __connect
    with util.safe_reraise():
         ~~~~~~~~~~~~~~~~~^^
  File "/Users/brunamendes/Desktop/AECOM/crypto-shopping-pipeline/.venv/lib/python3.13/site-packages/sqlalchemy/util/langhelpers.py", line 166, in __exit__
    raise exc_value.with_traceback(exc_tb)
  File "/Users/brunamendes/Desktop/AECOM/crypto-shopping-pipeline/.venv/lib/python3.13/site-packages/sqlalchemy/pool/base.py", line 891, in __connect
    self.dbapi_connection = connection = pool._invoke_creator(self)
                                         ~~~~~~~~~~~~~~~~~~~~^^^^^^
  File "/Users/brunamendes/Desktop/AECOM/crypto-shopping-pipeline/.venv/lib/python3.13/site-packages/sqlalchemy/engine/create.py", line 645, in connect
    return dialect.connect(*cargs_tup, **cparams)
           ~~~~~~~~~~~~~~~^^^^^^^^^^^^^^^^^^^^^^^
  File "/Users/brunamendes/Desktop/AECOM/crypto-shopping-pipeline/.venv/lib/python3.13/site-packages/sqlalchemy/engine/default.py", line 857, in connect
    return self.loaded_dbapi.connect(*cargs, **cparams)  # type: ignore[no-any-return]  # NOQA: E501
           ~~~~~~~~~~~~~~~~~~~~~~~~~^^^^^^^^^^^^^^^^^^^
  File "/Users/brunamendes/Desktop/AECOM/crypto-shopping-pipeline/.venv/lib/python3.13/site-packages/psycopg/connection.py", line 134, in connect
    raise new_ex.with_traceback(None)
psycopg.OperationalError: connection failed: connection to server at "127.0.0.1", port 5432 failed: FATAL:  database "pipeline" does not exist
Multiple connection attempts failed. All failures were:
- host: 'localhost', port: 5432, hostaddr: '::1': connection failed: connection to server at "::1", port 5432 failed: FATAL:  database "pipeline" does not exist
- host: 'localhost', port: 5432, hostaddr: '127.0.0.1': connection failed: connection to server at "127.0.0.1", port 5432 failed: FATAL:  database "pipeline" does not exist

The above exception was the direct cause of the following exception:

Traceback (most recent call last):
  File "/Users/brunamendes/Desktop/AECOM/crypto-shopping-pipeline/pipeline/run.py", line 65, in timed
    yield
  File "/Users/brunamendes/Desktop/AECOM/crypto-shopping-pipeline/pipeline/run.py", line 113, in main
    create_schema(engine)
    ~~~~~~~~~~~~~^^^^^^^^
  File "/Users/brunamendes/Desktop/AECOM/crypto-shopping-pipeline/pipeline/load.py", line 47, in create_schema
    with engine.begin() as conn:
         ~~~~~~~~~~~~^^
  File "/opt/homebrew/Cellar/python@3.13/3.13.1/Frameworks/Python.framework/Versions/3.13/lib/python3.13/contextlib.py", line 141, in __enter__
    return next(self.gen)
  File "/Users/brunamendes/Desktop/AECOM/crypto-shopping-pipeline/.venv/lib/python3.13/site-packages/sqlalchemy/engine/base.py", line 3224, in begin
    with self.connect() as conn:
         ~~~~~~~~~~~~^^
  File "/Users/brunamendes/Desktop/AECOM/crypto-shopping-pipeline/.venv/lib/python3.13/site-packages/sqlalchemy/engine/base.py", line 3260, in connect
    return self._connection_cls(self)
           ~~~~~~~~~~~~~~~~~~~~^^^^^^
  File "/Users/brunamendes/Desktop/AECOM/crypto-shopping-pipeline/.venv/lib/python3.13/site-packages/sqlalchemy/engine/base.py", line 151, in __init__
    Connection._handle_dbapi_exception_noconnection(
    ~~~~~~~~~~~~~~~~~~~~~~~~~~~~~~~~~~~~~~~~~~~~~~~^
        err, dialect, engine
        ^^^^^^^^^^^^^^^^^^^^
    )
    ^
  File "/Users/brunamendes/Desktop/AECOM/crypto-shopping-pipeline/.venv/lib/python3.13/site-packages/sqlalchemy/engine/base.py", line 2417, in _handle_dbapi_exception_noconnection
    raise sqlalchemy_exception.with_traceback(exc_info[2]) from e
  File "/Users/brunamendes/Desktop/AECOM/crypto-shopping-pipeline/.venv/lib/python3.13/site-packages/sqlalchemy/engine/base.py", line 149, in __init__
    self._dbapi_connection = engine.raw_connection()
                             ~~~~~~~~~~~~~~~~~~~~~^^
  File "/Users/brunamendes/Desktop/AECOM/crypto-shopping-pipeline/.venv/lib/python3.13/site-packages/sqlalchemy/engine/base.py", line 3284, in raw_connection
    return self.pool.connect()
           ~~~~~~~~~~~~~~~~~^^
  File "/Users/brunamendes/Desktop/AECOM/crypto-shopping-pipeline/.venv/lib/python3.13/site-packages/sqlalchemy/pool/base.py", line 445, in connect
    return _ConnectionFairy._checkout(self)
           ~~~~~~~~~~~~~~~~~~~~~~~~~~^^^^^^
  File "/Users/brunamendes/Desktop/AECOM/crypto-shopping-pipeline/.venv/lib/python3.13/site-packages/sqlalchemy/pool/base.py", line 1287, in _checkout
    fairy = _ConnectionRecord.checkout(pool)
  File "/Users/brunamendes/Desktop/AECOM/crypto-shopping-pipeline/.venv/lib/python3.13/site-packages/sqlalchemy/pool/base.py", line 709, in checkout
    rec = pool._do_get()
  File "/Users/brunamendes/Desktop/AECOM/crypto-shopping-pipeline/.venv/lib/python3.13/site-packages/sqlalchemy/pool/impl.py", line 176, in _do_get
    with util.safe_reraise():
         ~~~~~~~~~~~~~~~~~^^
  File "/Users/brunamendes/Desktop/AECOM/crypto-shopping-pipeline/.venv/lib/python3.13/site-packages/sqlalchemy/util/langhelpers.py", line 166, in __exit__
    raise exc_value.with_traceback(exc_tb)
  File "/Users/brunamendes/Desktop/AECOM/crypto-shopping-pipeline/.venv/lib/python3.13/site-packages/sqlalchemy/pool/impl.py", line 174, in _do_get
    return self._create_connection()
           ~~~~~~~~~~~~~~~~~~~~~~~^^
  File "/Users/brunamendes/Desktop/AECOM/crypto-shopping-pipeline/.venv/lib/python3.13/site-packages/sqlalchemy/pool/base.py", line 386, in _create_connection
    return _ConnectionRecord(self)
  File "/Users/brunamendes/Desktop/AECOM/crypto-shopping-pipeline/.venv/lib/python3.13/site-packages/sqlalchemy/pool/base.py", line 671, in __init__
    self.__connect()
    ~~~~~~~~~~~~~~^^
  File "/Users/brunamendes/Desktop/AECOM/crypto-shopping-pipeline/.venv/lib/python3.13/site-packages/sqlalchemy/pool/base.py", line 895, in __connect
    with util.safe_reraise():
         ~~~~~~~~~~~~~~~~~^^
  File "/Users/brunamendes/Desktop/AECOM/crypto-shopping-pipeline/.venv/lib/python3.13/site-packages/sqlalchemy/util/langhelpers.py", line 166, in __exit__
    raise exc_value.with_traceback(exc_tb)
  File "/Users/brunamendes/Desktop/AECOM/crypto-shopping-pipeline/.venv/lib/python3.13/site-packages/sqlalchemy/pool/base.py", line 891, in __connect
    self.dbapi_connection = connection = pool._invoke_creator(self)
                                         ~~~~~~~~~~~~~~~~~~~~^^^^^^
  File "/Users/brunamendes/Desktop/AECOM/crypto-shopping-pipeline/.venv/lib/python3.13/site-packages/sqlalchemy/engine/create.py", line 645, in connect
    return dialect.connect(*cargs_tup, **cparams)
           ~~~~~~~~~~~~~~~^^^^^^^^^^^^^^^^^^^^^^^
  File "/Users/brunamendes/Desktop/AECOM/crypto-shopping-pipeline/.venv/lib/python3.13/site-packages/sqlalchemy/engine/default.py", line 857, in connect
    return self.loaded_dbapi.connect(*cargs, **cparams)  # type: ignore[no-any-return]  # NOQA: E501
           ~~~~~~~~~~~~~~~~~~~~~~~~~^^^^^^^^^^^^^^^^^^^
  File "/Users/brunamendes/Desktop/AECOM/crypto-shopping-pipeline/.venv/lib/python3.13/site-packages/psycopg/connection.py", line 134, in connect
    raise new_ex.with_traceback(None)
sqlalchemy.exc.OperationalError: (psycopg.OperationalError) connection failed: connection to server at "127.0.0.1", port 5432 failed: FATAL:  database "pipeline" does not exist
Multiple connection attempts failed. All failures were:
- host: 'localhost', port: 5432, hostaddr: '::1': connection failed: connection to server at "::1", port 5432 failed: FATAL:  database "pipeline" does not exist
- host: 'localhost', port: 5432, hostaddr: '127.0.0.1': connection failed: connection to server at "127.0.0.1", port 5432 failed: FATAL:  database "pipeline" does not exist
(Background on this error at: https://sqlalche.me/e/21/e3q8)
2026-09-25 23:36:50,046 [INFO] __main__: === Pipeline run started ===
2026-09-25 23:36:50,047 [INFO] __main__: Starting step: extract
2026-09-25 23:36:50,047 [INFO] pipeline.extract: Loading shopping CSV file 2019-Oct.csv
2026-09-25 23:37:31,152 [INFO] pipeline.extract: Loaded 42448764 rows, 9 columns
2026-09-25 23:37:31,188 [INFO] pipeline.extract: Using cached coins list (21589 coins)
2026-09-25 23:37:31,202 [INFO] pipeline.extract: Fetched 21589 coin ids from CoinGecko
2026-09-25 23:37:31,227 [WARNING] pipeline.extract: Multiple matches for 'bitcoin', using first: aurasaylorfortniteyoda67inu
2026-09-25 23:37:31,236 [WARNING] pipeline.extract: Multiple matches for 'ethereum', using first: ethereum
2026-09-25 23:37:31,270 [WARNING] pipeline.extract: Multiple matches for 'solana', using first: barbiecrashbandicootrfk88
2026-09-25 23:37:31,273 [INFO] pipeline.extract: Starting concurrent historical extraction for 5 coins with 5 workers
2026-09-25 23:37:31,284 [INFO] pipeline.extract: Using cached response for range_tether_2025-09-26_2026-09-26
2026-09-25 23:37:31,284 [INFO] pipeline.extract: Using cached response for range_aurasaylorfortniteyoda67inu_2025-09-26_2026-09-26
2026-09-25 23:37:31,285 [INFO] pipeline.extract: Using cached response for range_binancecoin_2025-09-26_2026-09-26
2026-09-25 23:37:31,285 [INFO] pipeline.extract: Using cached response for range_barbiecrashbandicootrfk88_2025-09-26_2026-09-26
2026-09-25 23:37:31,286 [INFO] pipeline.extract: Using cached response for range_ethereum_2025-09-26_2026-09-26
2026-09-25 23:37:31,311 [INFO] pipeline.extract: Completed historical extraction: coin_id=tether rows=365
2026-09-25 23:37:31,317 [INFO] pipeline.extract: Completed historical extraction: coin_id=aurasaylorfortniteyoda67inu rows=16
2026-09-25 23:37:31,318 [INFO] pipeline.extract: Completed historical extraction: coin_id=binancecoin rows=365
2026-09-25 23:37:31,318 [INFO] pipeline.extract: Completed historical extraction: coin_id=barbiecrashbandicootrfk88 rows=365
2026-09-25 23:37:31,318 [INFO] pipeline.extract: Completed historical extraction: coin_id=ethereum rows=365
2026-09-25 23:37:31,319 [INFO] __main__: Finished step: extract (41.27s)
2026-09-25 23:37:31,319 [INFO] __main__: Starting step: transform
2026-09-25 23:38:02,871 [INFO] pipeline.transform: Purchase df null columns:
event_time              0
event_type              0
product_id              0
category_id             0
category_code    13515609
brand             6117080
price                   0
user_id                 0
user_session            2
2026-09-25 23:38:05,567 [INFO] pipeline.transform: Event types in dataset:
event_type
view        40779399
cart          926516
purchase      742849
2026-09-25 23:38:08,501 [INFO] pipeline.transform: clean_shopping: kept 742849/42448764 rows with event_type == 'purchase'
2026-09-25 23:38:08,529 [INFO] pipeline.transform: clean_shopping: 42448764 -> 742849 rows (dropped 41705915, capped 7410)
2026-09-25 23:38:11,003 [INFO] pipeline.transform: shift_year: event_time shifted from 2019 -> 2025 (742849 rows, range 2025-10-01 to 2025-10-31)
2026-09-25 23:38:11,050 [WARNING] pipeline.transform: add_crypto_metrics: tether has only 1 distinct volatility value(s) in the valid window — using fewer buckets instead of the usual low/medium/high split
2026-09-25 23:38:11,051 [INFO] pipeline.transform: add_crypto_metrics: 1476 rows, 5 coins, 1086 bucketed rows
2026-09-25 23:38:11,529 [INFO] pipeline.transform: join_purchases_crypto: 2971396 purchases joined, 742849 unmatched (25.0%),5 coins
2026-09-25 23:38:11,568 [INFO] __main__: Finished step: transform (40.25s)
2026-09-25 23:38:11,568 [INFO] __main__: Starting step: validate
2026-09-25 23:38:12,928 [INFO] pipeline.transform: validate_all: 2971092 good, 304 rejected ({'duplicate_row': 304})
2026-09-25 23:38:12,981 [WARNING] __main__: 304 rows failed validation and were rejected
2026-09-25 23:38:12,981 [INFO] __main__: Finished step: validate (1.41s)
2026-09-25 23:38:12,981 [INFO] __main__: Starting step: load
2026-09-25 23:38:13,338 [INFO] pipeline.load: Schema created
2026-09-25 23:38:13,455 [WARNING] psycopg: error ignored terminating <psycopg.Pipeline [INERROR, pipeline=ON] (host=localhost user=postgres database=pipeline) at 0x1532ce3c0>: pipeline aborted
2026-09-25 23:38:13,456 [ERROR] __main__: Step failed: load
Traceback (most recent call last):
  File "/Users/brunamendes/Desktop/AECOM/crypto-shopping-pipeline/.venv/lib/python3.13/site-packages/sqlalchemy/engine/base.py", line 1912, in _exec_single_context
    self.dialect.do_executemany(
    ~~~~~~~~~~~~~~~~~~~~~~~~~~~^
        cursor,
        ^^^^^^^
    ...<2 lines>...
        context,
        ^^^^^^^^
    )
    ^
  File "/Users/brunamendes/Desktop/AECOM/crypto-shopping-pipeline/.venv/lib/python3.13/site-packages/sqlalchemy/engine/default.py", line 1177, in do_executemany
    cursor.executemany(statement, parameters)
    ~~~~~~~~~~~~~~~~~~^^^^^^^^^^^^^^^^^^^^^^^
  File "/Users/brunamendes/Desktop/AECOM/crypto-shopping-pipeline/.venv/lib/python3.13/site-packages/psycopg/cursor.py", line 148, in executemany
    raise ex.with_traceback(None)
psycopg.errors.CheckViolation: new row for relation "dim_crypto_daily" violates check constraint "dim_crypto_daily_price_usd_check"
DETAIL:  Failing row contains (aurasaylorfortniteyoda67inu, 2026-09-11, 0, 2087255.9681207105, null, null, null).

The above exception was the direct cause of the following exception:

Traceback (most recent call last):
  File "/Users/brunamendes/Desktop/AECOM/crypto-shopping-pipeline/.venv/lib/python3.13/site-packages/pandas/io/sql.py", line 1679, in execute
    return execute_function(sql, *args)
  File "/Users/brunamendes/Desktop/AECOM/crypto-shopping-pipeline/.venv/lib/python3.13/site-packages/sqlalchemy/engine/base.py", line 1448, in execute
    return meth(
        self,
        distilled_parameters,
        execution_options or NO_OPTIONS,
    )
  File "/Users/brunamendes/Desktop/AECOM/crypto-shopping-pipeline/.venv/lib/python3.13/site-packages/sqlalchemy/sql/elements.py", line 533, in _execute_on_connection
    return connection._execute_clauseelement(
           ~~~~~~~~~~~~~~~~~~~~~~~~~~~~~~~~~^
        self, distilled_params, execution_options
        ^^^^^^^^^^^^^^^^^^^^^^^^^^^^^^^^^^^^^^^^^
    )
    ^
  File "/Users/brunamendes/Desktop/AECOM/crypto-shopping-pipeline/.venv/lib/python3.13/site-packages/sqlalchemy/engine/base.py", line 1668, in _execute_clauseelement
    ret = self._execute_context(
        dialect,
    ...<9 lines>...
        param_dict=param_dict,
    )
  File "/Users/brunamendes/Desktop/AECOM/crypto-shopping-pipeline/.venv/lib/python3.13/site-packages/sqlalchemy/engine/base.py", line 1822, in _execute_context
    return self._exec_single_context(
           ~~~~~~~~~~~~~~~~~~~~~~~~~^
        dialect, context, statement, parameters
        ^^^^^^^^^^^^^^^^^^^^^^^^^^^^^^^^^^^^^^^
    )
    ^
  File "/Users/brunamendes/Desktop/AECOM/crypto-shopping-pipeline/.venv/lib/python3.13/site-packages/sqlalchemy/engine/base.py", line 1962, in _exec_single_context
    self._handle_dbapi_exception(
    ~~~~~~~~~~~~~~~~~~~~~~~~~~~~^
        e, str_statement, effective_parameters, cursor, context
        ^^^^^^^^^^^^^^^^^^^^^^^^^^^^^^^^^^^^^^^^^^^^^^^^^^^^^^^
    )
    ^
  File "/Users/brunamendes/Desktop/AECOM/crypto-shopping-pipeline/.venv/lib/python3.13/site-packages/sqlalchemy/engine/base.py", line 2332, in _handle_dbapi_exception
    raise sqlalchemy_exception.with_traceback(exc_info[2]) from e
  File "/Users/brunamendes/Desktop/AECOM/crypto-shopping-pipeline/.venv/lib/python3.13/site-packages/sqlalchemy/engine/base.py", line 1912, in _exec_single_context
    self.dialect.do_executemany(
    ~~~~~~~~~~~~~~~~~~~~~~~~~~~^
        cursor,
        ^^^^^^^
    ...<2 lines>...
        context,
        ^^^^^^^^
    )
    ^
  File "/Users/brunamendes/Desktop/AECOM/crypto-shopping-pipeline/.venv/lib/python3.13/site-packages/sqlalchemy/engine/default.py", line 1177, in do_executemany
    cursor.executemany(statement, parameters)
    ~~~~~~~~~~~~~~~~~~^^^^^^^^^^^^^^^^^^^^^^^
  File "/Users/brunamendes/Desktop/AECOM/crypto-shopping-pipeline/.venv/lib/python3.13/site-packages/psycopg/cursor.py", line 148, in executemany
    raise ex.with_traceback(None)
sqlalchemy.exc.IntegrityError: (psycopg.errors.CheckViolation) new row for relation "dim_crypto_daily" violates check constraint "dim_crypto_daily_price_usd_check"
DETAIL:  Failing row contains (aurasaylorfortniteyoda67inu, 2026-09-11, 0, 2087255.9681207105, null, null, null).
[SQL: INSERT INTO dim_crypto_daily (coin_id, date, price_usd, volume_usd, daily_return, volatility_7d, vol_bucket) VALUES (%(coin_id)s::VARCHAR, %(date)s::DATE, %(price_usd)s, %(volume_usd)s, %(daily_return)s, %(volatility_7d)s, %(vol_bucket)s::VARCHAR)]
[parameters: [{'coin_id': 'aurasaylorfortniteyoda67inu', 'date': datetime.date(2026, 9, 11), 'price_usd': 0.0, 'volume_usd': 2087255.9681207105, 'daily_return': None, 'volatility_7d': None, 'vol_bucket': None}, {'coin_id': 'aurasaylorfortniteyoda67inu', 'date': datetime.date(2026, 9, 12), 'price_usd': 0.0, 'volume_usd': 1212200.6704707039, 'daily_return': None, 'volatility_7d': None, 'vol_bucket': None}, {'coin_id': 'aurasaylorfortniteyoda67inu', 'date': datetime.date(2026, 9, 13), 'price_usd': 0.0, 'volume_usd': 256677.55074256775, 'daily_return': None, 'volatility_7d': None, 'vol_bucket': None}, {'coin_id': 'aurasaylorfortniteyoda67inu', 'date': datetime.date(2026, 9, 14), 'price_usd': 0.0, 'volume_usd': 208215.7929423796, 'daily_return': None, 'volatility_7d': None, 'vol_bucket': None}, {'coin_id': 'aurasaylorfortniteyoda67inu', 'date': datetime.date(2026, 9, 15), 'price_usd': 0.0, 'volume_usd': 69006.76460647199, 'daily_return': None, 'volatility_7d': None, 'vol_bucket': None}, {'coin_id': 'aurasaylorfortniteyoda67inu', 'date': datetime.date(2026, 9, 16), 'price_usd': 0.0, 'volume_usd': 294089.3154532575, 'daily_return': None, 'volatility_7d': None, 'vol_bucket': None}, {'coin_id': 'aurasaylorfortniteyoda67inu', 'date': datetime.date(2026, 9, 17), 'price_usd': 0.0, 'volume_usd': 57039.49854247553, 'daily_return': None, 'volatility_7d': None, 'vol_bucket': None}, {'coin_id': 'aurasaylorfortniteyoda67inu', 'date': datetime.date(2026, 9, 18), 'price_usd': 0.0, 'volume_usd': 28613.369145937933, 'daily_return': None, 'volatility_7d': None, 'vol_bucket': None}  ... displaying 10 of 1476 total bound parameter sets ...  {'coin_id': 'tether', 'date': datetime.date(2026, 9, 25), 'price_usd': 1.0, 'volume_usd': 68596210578.659386, 'daily_return': 0.0, 'volatility_7d': 0.0, 'vol_bucket': 'low'}, {'coin_id': 'tether', 'date': datetime.date(2026, 9, 26), 'price_usd': 1.0, 'volume_usd': 68954741638.50577, 'daily_return': 0.0, 'volatility_7d': 0.0, 'vol_bucket': 'low'}]]
(Background on this error at: https://sqlalche.me/e/21/gkpj)

The above exception was the direct cause of the following exception:

Traceback (most recent call last):
  File "/Users/brunamendes/Desktop/AECOM/crypto-shopping-pipeline/pipeline/run.py", line 65, in timed
    yield
  File "/Users/brunamendes/Desktop/AECOM/crypto-shopping-pipeline/pipeline/run.py", line 114, in main
    load_tables(engine, purchases=good, crypto=crypto, rejects=rejects)
    ~~~~~~~~~~~^^^^^^^^^^^^^^^^^^^^^^^^^^^^^^^^^^^^^^^^^^^^^^^^^^^^^^^^
  File "/Users/brunamendes/Desktop/AECOM/crypto-shopping-pipeline/pipeline/load.py", line 80, in load_tables
    crypto_to_load.to_sql("dim_crypto_daily", conn, if_exists="append", index=False)
    ~~~~~~~~~~~~~~~~~~~~~^^^^^^^^^^^^^^^^^^^^^^^^^^^^^^^^^^^^^^^^^^^^^^^^^^^^^^^^^^^
  File "/Users/brunamendes/Desktop/AECOM/crypto-shopping-pipeline/.venv/lib/python3.13/site-packages/pandas/core/generic.py", line 3040, in to_sql
    return sql.to_sql(
           ~~~~~~~~~~^
        self,
        ^^^^^
    ...<8 lines>...
        method=method,
        ^^^^^^^^^^^^^^
    )
    ^
  File "/Users/brunamendes/Desktop/AECOM/crypto-shopping-pipeline/.venv/lib/python3.13/site-packages/pandas/io/sql.py", line 841, in to_sql
    return pandas_sql.to_sql(
           ~~~~~~~~~~~~~~~~~^
        frame,
        ^^^^^^
    ...<9 lines>...
        **engine_kwargs,
        ^^^^^^^^^^^^^^^^
    )
    ^
  File "/Users/brunamendes/Desktop/AECOM/crypto-shopping-pipeline/.venv/lib/python3.13/site-packages/pandas/io/sql.py", line 2037, in to_sql
    total_inserted = sql_engine.insert_records(
        table=table,
    ...<7 lines>...
        **engine_kwargs,
    )
  File "/Users/brunamendes/Desktop/AECOM/crypto-shopping-pipeline/.venv/lib/python3.13/site-packages/pandas/io/sql.py", line 1571, in insert_records
    return table.insert(chunksize=chunksize, method=method)
           ~~~~~~~~~~~~^^^^^^^^^^^^^^^^^^^^^^^^^^^^^^^^^^^^
  File "/Users/brunamendes/Desktop/AECOM/crypto-shopping-pipeline/.venv/lib/python3.13/site-packages/pandas/io/sql.py", line 1122, in insert
    num_inserted = exec_insert(conn, keys, chunk_iter)
  File "/Users/brunamendes/Desktop/AECOM/crypto-shopping-pipeline/.venv/lib/python3.13/site-packages/pandas/io/sql.py", line 1014, in _execute_insert
    result = self.pd_sql.execute(self.table.insert(), data)
  File "/Users/brunamendes/Desktop/AECOM/crypto-shopping-pipeline/.venv/lib/python3.13/site-packages/pandas/io/sql.py", line 1681, in execute
    raise DatabaseError(f"Execution failed on sql '{sql}': {exc}") from exc
pandas.errors.DatabaseError: Execution failed on sql 'INSERT INTO dim_crypto_daily (coin_id, date, price_usd, volume_usd, daily_return, volatility_7d, vol_bucket) VALUES (:coin_id, :date, :price_usd, :volume_usd, :daily_return, :volatility_7d, :vol_bucket)': (psycopg.errors.CheckViolation) new row for relation "dim_crypto_daily" violates check constraint "dim_crypto_daily_price_usd_check"
DETAIL:  Failing row contains (aurasaylorfortniteyoda67inu, 2026-09-11, 0, 2087255.9681207105, null, null, null).
[SQL: INSERT INTO dim_crypto_daily (coin_id, date, price_usd, volume_usd, daily_return, volatility_7d, vol_bucket) VALUES (%(coin_id)s::VARCHAR, %(date)s::DATE, %(price_usd)s, %(volume_usd)s, %(daily_return)s, %(volatility_7d)s, %(vol_bucket)s::VARCHAR)]
[parameters: [{'coin_id': 'aurasaylorfortniteyoda67inu', 'date': datetime.date(2026, 9, 11), 'price_usd': 0.0, 'volume_usd': 2087255.9681207105, 'daily_return': None, 'volatility_7d': None, 'vol_bucket': None}, {'coin_id': 'aurasaylorfortniteyoda67inu', 'date': datetime.date(2026, 9, 12), 'price_usd': 0.0, 'volume_usd': 1212200.6704707039, 'daily_return': None, 'volatility_7d': None, 'vol_bucket': None}, {'coin_id': 'aurasaylorfortniteyoda67inu', 'date': datetime.date(2026, 9, 13), 'price_usd': 0.0, 'volume_usd': 256677.55074256775, 'daily_return': None, 'volatility_7d': None, 'vol_bucket': None}, {'coin_id': 'aurasaylorfortniteyoda67inu', 'date': datetime.date(2026, 9, 14), 'price_usd': 0.0, 'volume_usd': 208215.7929423796, 'daily_return': None, 'volatility_7d': None, 'vol_bucket': None}, {'coin_id': 'aurasaylorfortniteyoda67inu', 'date': datetime.date(2026, 9, 15), 'price_usd': 0.0, 'volume_usd': 69006.76460647199, 'daily_return': None, 'volatility_7d': None, 'vol_bucket': None}, {'coin_id': 'aurasaylorfortniteyoda67inu', 'date': datetime.date(2026, 9, 16), 'price_usd': 0.0, 'volume_usd': 294089.3154532575, 'daily_return': None, 'volatility_7d': None, 'vol_bucket': None}, {'coin_id': 'aurasaylorfortniteyoda67inu', 'date': datetime.date(2026, 9, 17), 'price_usd': 0.0, 'volume_usd': 57039.49854247553, 'daily_return': None, 'volatility_7d': None, 'vol_bucket': None}, {'coin_id': 'aurasaylorfortniteyoda67inu', 'date': datetime.date(2026, 9, 18), 'price_usd': 0.0, 'volume_usd': 28613.369145937933, 'daily_return': None, 'volatility_7d': None, 'vol_bucket': None}  ... displaying 10 of 1476 total bound parameter sets ...  {'coin_id': 'tether', 'date': datetime.date(2026, 9, 25), 'price_usd': 1.0, 'volume_usd': 68596210578.659386, 'daily_return': 0.0, 'volatility_7d': 0.0, 'vol_bucket': 'low'}, {'coin_id': 'tether', 'date': datetime.date(2026, 9, 26), 'price_usd': 1.0, 'volume_usd': 68954741638.50577, 'daily_return': 0.0, 'volatility_7d': 0.0, 'vol_bucket': 'low'}]]
(Background on this error at: https://sqlalche.me/e/21/gkpj)
2026-09-26 00:01:32,135 [INFO] __main__: === Pipeline run started ===
2026-09-26 00:01:32,136 [INFO] __main__: Starting step: extract
2026-09-26 00:01:32,136 [INFO] pipeline.extract: Loading shopping CSV file 2019-Oct.csv
2026-09-26 00:02:14,097 [INFO] pipeline.extract: Loaded 42448764 rows, 9 columns
2026-09-26 00:02:14,152 [INFO] pipeline.extract: Using cached coins list (21589 coins)
2026-09-26 00:02:14,169 [INFO] pipeline.extract: Fetched 21589 coin ids from CoinGecko
2026-09-26 00:02:14,204 [WARNING] pipeline.extract: Multiple matches for 'bitcoin', using first: aurasaylorfortniteyoda67inu
2026-09-26 00:02:14,211 [WARNING] pipeline.extract: Multiple matches for 'ethereum', using first: ethereum
2026-09-26 00:02:14,231 [WARNING] pipeline.extract: Multiple matches for 'solana', using first: barbiecrashbandicootrfk88
2026-09-26 00:02:14,232 [INFO] pipeline.extract: Starting concurrent historical extraction for 5 coins with 5 workers
2026-09-26 00:02:14,237 [INFO] pipeline.extract: Using cached response for range_ethereum_2025-09-26_2026-09-26
2026-09-26 00:02:14,238 [INFO] pipeline.extract: Using cached response for range_tether_2025-09-26_2026-09-26
2026-09-26 00:02:14,238 [INFO] pipeline.extract: Using cached response for range_aurasaylorfortniteyoda67inu_2025-09-26_2026-09-26
2026-09-26 00:02:14,260 [INFO] pipeline.extract: Using cached response for range_binancecoin_2025-09-26_2026-09-26
2026-09-26 00:02:14,264 [INFO] pipeline.extract: Completed historical extraction: coin_id=tether rows=365
2026-09-26 00:02:14,266 [INFO] pipeline.extract: Using cached response for range_barbiecrashbandicootrfk88_2025-09-26_2026-09-26
2026-09-26 00:02:14,267 [INFO] pipeline.extract: Completed historical extraction: coin_id=ethereum rows=365
2026-09-26 00:02:14,269 [INFO] pipeline.extract: Completed historical extraction: coin_id=aurasaylorfortniteyoda67inu rows=16
2026-09-26 00:02:14,269 [INFO] pipeline.extract: Completed historical extraction: coin_id=binancecoin rows=365
2026-09-26 00:02:14,269 [INFO] pipeline.extract: Completed historical extraction: coin_id=barbiecrashbandicootrfk88 rows=365
2026-09-26 00:02:14,270 [INFO] __main__: Finished step: extract (42.14s)
2026-09-26 00:02:14,270 [INFO] __main__: Starting step: transform
2026-09-26 00:03:07,924 [INFO] pipeline.transform: Purchase df null columns:
event_time              0
event_type              0
product_id              0
category_id             0
category_code    13478561
brand             6048407
price                   0
user_id                 0
user_session            2
2026-09-26 00:03:11,959 [INFO] pipeline.transform: Event types in dataset:
event_type
view        40710876
cart          926366
purchase      742849
2026-09-26 00:03:15,062 [INFO] pipeline.transform: clean_shopping: kept 742849/42448764 rows with event_type == 'purchase'
2026-09-26 00:03:15,096 [INFO] pipeline.transform: clean_shopping: 42448764 -> 742849 rows (dropped 41705915, capped 7410)
2026-09-26 00:03:17,506 [INFO] pipeline.transform: shift_year: event_time shifted from 2019 -> 2025 (742849 rows, range 2025-10-01 to 2025-10-31)
2026-09-26 00:03:17,540 [WARNING] pipeline.transform: add_crypto_metrics: tether has only 1 distinct volatility value(s) in the valid window — using fewer buckets instead of the usual low/medium/high split
2026-09-26 00:03:17,541 [INFO] pipeline.transform: add_crypto_metrics: 1476 rows, 5 coins, 1086 bucketed rows
2026-09-26 00:03:18,058 [INFO] pipeline.transform: join_purchases_crypto: 2971396 purchases joined, 742849 unmatched (25.0%),5 coins
2026-09-26 00:03:18,072 [INFO] __main__: Finished step: transform (63.80s)
2026-09-26 00:03:18,072 [INFO] __main__: Starting step: validate
2026-09-26 00:03:19,854 [INFO] pipeline.transform: validate_all: 2971092 good, 304 rejected ({'duplicate_row': 304})
2026-09-26 00:03:20,161 [WARNING] __main__: 304 rows failed validation and were rejected
2026-09-26 00:03:20,162 [INFO] __main__: Finished step: validate (2.09s)
2026-09-26 00:03:20,163 [INFO] __main__: Starting step: load
2026-09-26 00:03:20,460 [INFO] pipeline.load: Schema created
2026-09-26 00:03:20,790 [WARNING] psycopg: error ignored terminating <psycopg.Pipeline [INERROR, pipeline=ON] (host=localhost user=postgres database=pipeline) at 0x150ed23c0>: pipeline aborted
2026-09-26 00:03:20,791 [ERROR] __main__: Step failed: load
Traceback (most recent call last):
  File "/Users/brunamendes/Desktop/AECOM/crypto-shopping-pipeline/.venv/lib/python3.13/site-packages/sqlalchemy/engine/base.py", line 1912, in _exec_single_context
    self.dialect.do_executemany(
    ~~~~~~~~~~~~~~~~~~~~~~~~~~~^
        cursor,
        ^^^^^^^
    ...<2 lines>...
        context,
        ^^^^^^^^
    )
    ^
  File "/Users/brunamendes/Desktop/AECOM/crypto-shopping-pipeline/.venv/lib/python3.13/site-packages/sqlalchemy/engine/default.py", line 1177, in do_executemany
    cursor.executemany(statement, parameters)
    ~~~~~~~~~~~~~~~~~~^^^^^^^^^^^^^^^^^^^^^^^
  File "/Users/brunamendes/Desktop/AECOM/crypto-shopping-pipeline/.venv/lib/python3.13/site-packages/psycopg/cursor.py", line 148, in executemany
    raise ex.with_traceback(None)
psycopg.errors.CheckViolation: new row for relation "dim_crypto_daily" violates check constraint "dim_crypto_daily_price_usd_check"
DETAIL:  Failing row contains (aurasaylorfortniteyoda67inu, 2026-09-11, 0, 2087255.9681207105, null, null, null).

The above exception was the direct cause of the following exception:

Traceback (most recent call last):
  File "/Users/brunamendes/Desktop/AECOM/crypto-shopping-pipeline/.venv/lib/python3.13/site-packages/pandas/io/sql.py", line 1679, in execute
    return execute_function(sql, *args)
  File "/Users/brunamendes/Desktop/AECOM/crypto-shopping-pipeline/.venv/lib/python3.13/site-packages/sqlalchemy/engine/base.py", line 1448, in execute
    return meth(
        self,
        distilled_parameters,
        execution_options or NO_OPTIONS,
    )
  File "/Users/brunamendes/Desktop/AECOM/crypto-shopping-pipeline/.venv/lib/python3.13/site-packages/sqlalchemy/sql/elements.py", line 533, in _execute_on_connection
    return connection._execute_clauseelement(
           ~~~~~~~~~~~~~~~~~~~~~~~~~~~~~~~~~^
        self, distilled_params, execution_options
        ^^^^^^^^^^^^^^^^^^^^^^^^^^^^^^^^^^^^^^^^^
    )
    ^
  File "/Users/brunamendes/Desktop/AECOM/crypto-shopping-pipeline/.venv/lib/python3.13/site-packages/sqlalchemy/engine/base.py", line 1668, in _execute_clauseelement
    ret = self._execute_context(
        dialect,
    ...<9 lines>...
        param_dict=param_dict,
    )
  File "/Users/brunamendes/Desktop/AECOM/crypto-shopping-pipeline/.venv/lib/python3.13/site-packages/sqlalchemy/engine/base.py", line 1822, in _execute_context
    return self._exec_single_context(
           ~~~~~~~~~~~~~~~~~~~~~~~~~^
        dialect, context, statement, parameters
        ^^^^^^^^^^^^^^^^^^^^^^^^^^^^^^^^^^^^^^^
    )
    ^
  File "/Users/brunamendes/Desktop/AECOM/crypto-shopping-pipeline/.venv/lib/python3.13/site-packages/sqlalchemy/engine/base.py", line 1962, in _exec_single_context
    self._handle_dbapi_exception(
    ~~~~~~~~~~~~~~~~~~~~~~~~~~~~^
        e, str_statement, effective_parameters, cursor, context
        ^^^^^^^^^^^^^^^^^^^^^^^^^^^^^^^^^^^^^^^^^^^^^^^^^^^^^^^
    )
    ^
  File "/Users/brunamendes/Desktop/AECOM/crypto-shopping-pipeline/.venv/lib/python3.13/site-packages/sqlalchemy/engine/base.py", line 2332, in _handle_dbapi_exception
    raise sqlalchemy_exception.with_traceback(exc_info[2]) from e
  File "/Users/brunamendes/Desktop/AECOM/crypto-shopping-pipeline/.venv/lib/python3.13/site-packages/sqlalchemy/engine/base.py", line 1912, in _exec_single_context
    self.dialect.do_executemany(
    ~~~~~~~~~~~~~~~~~~~~~~~~~~~^
        cursor,
        ^^^^^^^
    ...<2 lines>...
        context,
        ^^^^^^^^
    )
    ^
  File "/Users/brunamendes/Desktop/AECOM/crypto-shopping-pipeline/.venv/lib/python3.13/site-packages/sqlalchemy/engine/default.py", line 1177, in do_executemany
    cursor.executemany(statement, parameters)
    ~~~~~~~~~~~~~~~~~~^^^^^^^^^^^^^^^^^^^^^^^
  File "/Users/brunamendes/Desktop/AECOM/crypto-shopping-pipeline/.venv/lib/python3.13/site-packages/psycopg/cursor.py", line 148, in executemany
    raise ex.with_traceback(None)
sqlalchemy.exc.IntegrityError: (psycopg.errors.CheckViolation) new row for relation "dim_crypto_daily" violates check constraint "dim_crypto_daily_price_usd_check"
DETAIL:  Failing row contains (aurasaylorfortniteyoda67inu, 2026-09-11, 0, 2087255.9681207105, null, null, null).
[SQL: INSERT INTO dim_crypto_daily (coin_id, date, price_usd, volume_usd, daily_return, volatility_7d, vol_bucket) VALUES (%(coin_id)s::VARCHAR, %(date)s::DATE, %(price_usd)s, %(volume_usd)s, %(daily_return)s, %(volatility_7d)s, %(vol_bucket)s::VARCHAR)]
[parameters: [{'coin_id': 'aurasaylorfortniteyoda67inu', 'date': datetime.date(2026, 9, 11), 'price_usd': 0.0, 'volume_usd': 2087255.9681207105, 'daily_return': None, 'volatility_7d': None, 'vol_bucket': None}, {'coin_id': 'aurasaylorfortniteyoda67inu', 'date': datetime.date(2026, 9, 12), 'price_usd': 0.0, 'volume_usd': 1212200.6704707039, 'daily_return': None, 'volatility_7d': None, 'vol_bucket': None}, {'coin_id': 'aurasaylorfortniteyoda67inu', 'date': datetime.date(2026, 9, 13), 'price_usd': 0.0, 'volume_usd': 256677.55074256775, 'daily_return': None, 'volatility_7d': None, 'vol_bucket': None}, {'coin_id': 'aurasaylorfortniteyoda67inu', 'date': datetime.date(2026, 9, 14), 'price_usd': 0.0, 'volume_usd': 208215.7929423796, 'daily_return': None, 'volatility_7d': None, 'vol_bucket': None}, {'coin_id': 'aurasaylorfortniteyoda67inu', 'date': datetime.date(2026, 9, 15), 'price_usd': 0.0, 'volume_usd': 69006.76460647199, 'daily_return': None, 'volatility_7d': None, 'vol_bucket': None}, {'coin_id': 'aurasaylorfortniteyoda67inu', 'date': datetime.date(2026, 9, 16), 'price_usd': 0.0, 'volume_usd': 294089.3154532575, 'daily_return': None, 'volatility_7d': None, 'vol_bucket': None}, {'coin_id': 'aurasaylorfortniteyoda67inu', 'date': datetime.date(2026, 9, 17), 'price_usd': 0.0, 'volume_usd': 57039.49854247553, 'daily_return': None, 'volatility_7d': None, 'vol_bucket': None}, {'coin_id': 'aurasaylorfortniteyoda67inu', 'date': datetime.date(2026, 9, 18), 'price_usd': 0.0, 'volume_usd': 28613.369145937933, 'daily_return': None, 'volatility_7d': None, 'vol_bucket': None}  ... displaying 10 of 1476 total bound parameter sets ...  {'coin_id': 'tether', 'date': datetime.date(2026, 9, 25), 'price_usd': 1.0, 'volume_usd': 68596210578.659386, 'daily_return': 0.0, 'volatility_7d': 0.0, 'vol_bucket': 'low'}, {'coin_id': 'tether', 'date': datetime.date(2026, 9, 26), 'price_usd': 1.0, 'volume_usd': 68954741638.50577, 'daily_return': 0.0, 'volatility_7d': 0.0, 'vol_bucket': 'low'}]]
(Background on this error at: https://sqlalche.me/e/21/gkpj)

The above exception was the direct cause of the following exception:

Traceback (most recent call last):
  File "/Users/brunamendes/Desktop/AECOM/crypto-shopping-pipeline/pipeline/run.py", line 65, in timed
    yield
  File "/Users/brunamendes/Desktop/AECOM/crypto-shopping-pipeline/pipeline/run.py", line 114, in main
    load_tables(engine, purchases=good, crypto=crypto, rejects=rejects)
    ~~~~~~~~~~~^^^^^^^^^^^^^^^^^^^^^^^^^^^^^^^^^^^^^^^^^^^^^^^^^^^^^^^^
  File "/Users/brunamendes/Desktop/AECOM/crypto-shopping-pipeline/pipeline/load.py", line 80, in load_tables
    crypto_to_load.to_sql("dim_crypto_daily", conn, if_exists="append", index=False)
    ~~~~~~~~~~~~~~~~~~~~~^^^^^^^^^^^^^^^^^^^^^^^^^^^^^^^^^^^^^^^^^^^^^^^^^^^^^^^^^^^
  File "/Users/brunamendes/Desktop/AECOM/crypto-shopping-pipeline/.venv/lib/python3.13/site-packages/pandas/core/generic.py", line 3040, in to_sql
    return sql.to_sql(
           ~~~~~~~~~~^
        self,
        ^^^^^
    ...<8 lines>...
        method=method,
        ^^^^^^^^^^^^^^
    )
    ^
  File "/Users/brunamendes/Desktop/AECOM/crypto-shopping-pipeline/.venv/lib/python3.13/site-packages/pandas/io/sql.py", line 841, in to_sql
    return pandas_sql.to_sql(
           ~~~~~~~~~~~~~~~~~^
        frame,
        ^^^^^^
    ...<9 lines>...
        **engine_kwargs,
        ^^^^^^^^^^^^^^^^
    )
    ^
  File "/Users/brunamendes/Desktop/AECOM/crypto-shopping-pipeline/.venv/lib/python3.13/site-packages/pandas/io/sql.py", line 2037, in to_sql
    total_inserted = sql_engine.insert_records(
        table=table,
    ...<7 lines>...
        **engine_kwargs,
    )
  File "/Users/brunamendes/Desktop/AECOM/crypto-shopping-pipeline/.venv/lib/python3.13/site-packages/pandas/io/sql.py", line 1571, in insert_records
    return table.insert(chunksize=chunksize, method=method)
           ~~~~~~~~~~~~^^^^^^^^^^^^^^^^^^^^^^^^^^^^^^^^^^^^
  File "/Users/brunamendes/Desktop/AECOM/crypto-shopping-pipeline/.venv/lib/python3.13/site-packages/pandas/io/sql.py", line 1122, in insert
    num_inserted = exec_insert(conn, keys, chunk_iter)
  File "/Users/brunamendes/Desktop/AECOM/crypto-shopping-pipeline/.venv/lib/python3.13/site-packages/pandas/io/sql.py", line 1014, in _execute_insert
    result = self.pd_sql.execute(self.table.insert(), data)
  File "/Users/brunamendes/Desktop/AECOM/crypto-shopping-pipeline/.venv/lib/python3.13/site-packages/pandas/io/sql.py", line 1681, in execute
    raise DatabaseError(f"Execution failed on sql '{sql}': {exc}") from exc
pandas.errors.DatabaseError: Execution failed on sql 'INSERT INTO dim_crypto_daily (coin_id, date, price_usd, volume_usd, daily_return, volatility_7d, vol_bucket) VALUES (:coin_id, :date, :price_usd, :volume_usd, :daily_return, :volatility_7d, :vol_bucket)': (psycopg.errors.CheckViolation) new row for relation "dim_crypto_daily" violates check constraint "dim_crypto_daily_price_usd_check"
DETAIL:  Failing row contains (aurasaylorfortniteyoda67inu, 2026-09-11, 0, 2087255.9681207105, null, null, null).
[SQL: INSERT INTO dim_crypto_daily (coin_id, date, price_usd, volume_usd, daily_return, volatility_7d, vol_bucket) VALUES (%(coin_id)s::VARCHAR, %(date)s::DATE, %(price_usd)s, %(volume_usd)s, %(daily_return)s, %(volatility_7d)s, %(vol_bucket)s::VARCHAR)]
[parameters: [{'coin_id': 'aurasaylorfortniteyoda67inu', 'date': datetime.date(2026, 9, 11), 'price_usd': 0.0, 'volume_usd': 2087255.9681207105, 'daily_return': None, 'volatility_7d': None, 'vol_bucket': None}, {'coin_id': 'aurasaylorfortniteyoda67inu', 'date': datetime.date(2026, 9, 12), 'price_usd': 0.0, 'volume_usd': 1212200.6704707039, 'daily_return': None, 'volatility_7d': None, 'vol_bucket': None}, {'coin_id': 'aurasaylorfortniteyoda67inu', 'date': datetime.date(2026, 9, 13), 'price_usd': 0.0, 'volume_usd': 256677.55074256775, 'daily_return': None, 'volatility_7d': None, 'vol_bucket': None}, {'coin_id': 'aurasaylorfortniteyoda67inu', 'date': datetime.date(2026, 9, 14), 'price_usd': 0.0, 'volume_usd': 208215.7929423796, 'daily_return': None, 'volatility_7d': None, 'vol_bucket': None}, {'coin_id': 'aurasaylorfortniteyoda67inu', 'date': datetime.date(2026, 9, 15), 'price_usd': 0.0, 'volume_usd': 69006.76460647199, 'daily_return': None, 'volatility_7d': None, 'vol_bucket': None}, {'coin_id': 'aurasaylorfortniteyoda67inu', 'date': datetime.date(2026, 9, 16), 'price_usd': 0.0, 'volume_usd': 294089.3154532575, 'daily_return': None, 'volatility_7d': None, 'vol_bucket': None}, {'coin_id': 'aurasaylorfortniteyoda67inu', 'date': datetime.date(2026, 9, 17), 'price_usd': 0.0, 'volume_usd': 57039.49854247553, 'daily_return': None, 'volatility_7d': None, 'vol_bucket': None}, {'coin_id': 'aurasaylorfortniteyoda67inu', 'date': datetime.date(2026, 9, 18), 'price_usd': 0.0, 'volume_usd': 28613.369145937933, 'daily_return': None, 'volatility_7d': None, 'vol_bucket': None}  ... displaying 10 of 1476 total bound parameter sets ...  {'coin_id': 'tether', 'date': datetime.date(2026, 9, 25), 'price_usd': 1.0, 'volume_usd': 68596210578.659386, 'daily_return': 0.0, 'volatility_7d': 0.0, 'vol_bucket': 'low'}, {'coin_id': 'tether', 'date': datetime.date(2026, 9, 26), 'price_usd': 1.0, 'volume_usd': 68954741638.50577, 'daily_return': 0.0, 'volatility_7d': 0.0, 'vol_bucket': 'low'}]]
(Background on this error at: https://sqlalche.me/e/21/gkpj)
2026-09-26 00:29:10,762 [INFO] __main__: === Pipeline run started ===
2026-09-26 00:29:10,765 [INFO] __main__: Starting step: extract
2026-09-26 00:29:10,765 [INFO] pipeline.extract: Loading shopping CSV file 2019-Oct.csv
2026-09-26 00:29:53,472 [INFO] pipeline.extract: Loaded 42448764 rows, 9 columns
2026-09-26 00:29:53,531 [INFO] pipeline.extract: Using cached coins list (21589 coins)
2026-09-26 00:29:53,547 [INFO] pipeline.extract: Fetched 21589 coin ids from CoinGecko
2026-09-26 00:29:53,604 [WARNING] pipeline.extract: Multiple matches for 'bitcoin', using first: aurasaylorfortniteyoda67inu
2026-09-26 00:29:53,614 [WARNING] pipeline.extract: Multiple matches for 'ethereum', using first: ethereum
2026-09-26 00:29:53,647 [WARNING] pipeline.extract: Multiple matches for 'solana', using first: barbiecrashbandicootrfk88
2026-09-26 00:29:53,648 [INFO] pipeline.extract: Starting concurrent historical extraction for 5 coins with 5 workers
2026-09-26 00:29:54,006 [INFO] pipeline.extract: Completed historical extraction: coin_id=ethereum rows=32
2026-09-26 00:29:54,009 [INFO] pipeline.extract: Completed historical extraction: coin_id=binancecoin rows=32
2026-09-26 00:29:54,011 [INFO] pipeline.extract: Completed historical extraction: coin_id=aurasaylorfortniteyoda67inu rows=0
2026-09-26 00:29:54,013 [INFO] pipeline.extract: Completed historical extraction: coin_id=barbiecrashbandicootrfk88 rows=32
2026-09-26 00:29:54,013 [INFO] pipeline.extract: Completed historical extraction: coin_id=tether rows=32
2026-09-26 00:29:54,014 [INFO] __main__: Finished step: extract (43.25s)
2026-09-26 00:29:54,014 [INFO] __main__: Starting step: transform
2026-09-26 00:31:03,266 [INFO] pipeline.transform: Purchase df null columns:
event_time              0
event_type              0
product_id              0
category_id             0
category_code    13478561
brand             6048407
price                   0
user_id                 0
user_session            2
2026-09-26 00:31:06,315 [INFO] pipeline.transform: Event types in dataset:
event_type
view        40710876
cart          926366
purchase      742849
2026-09-26 00:31:10,433 [INFO] pipeline.transform: clean_shopping: kept 742849/42448764 rows with event_type == 'purchase'
2026-09-26 00:31:10,467 [INFO] pipeline.transform: clean_shopping: 42448764 -> 742849 rows (dropped 41705915, capped 7410)
2026-09-26 00:31:13,000 [INFO] pipeline.transform: shift_year: event_time shifted from 2019 -> 2025 (742849 rows, range 2025-10-01 to 2025-10-31)
2026-09-26 00:31:13,043 [ERROR] __main__: Step failed: transform
Traceback (most recent call last):
  File "/Users/brunamendes/Desktop/AECOM/crypto-shopping-pipeline/pipeline/run.py", line 65, in timed
    yield
  File "/Users/brunamendes/Desktop/AECOM/crypto-shopping-pipeline/pipeline/run.py", line 102, in main
    crypto = add_crypto_metrics(crypto_raw)
  File "/Users/brunamendes/Desktop/AECOM/crypto-shopping-pipeline/pipeline/transform.py", line 140, in add_crypto_metrics
    .pct_change()
     ~~~~~~~~~~^^
  File "/Users/brunamendes/Desktop/AECOM/crypto-shopping-pipeline/.venv/lib/python3.13/site-packages/pandas/core/groupby/groupby.py", line 5838, in pct_change
    return (filled / shifted) - 1
            ~~~~~~~^~~~~~~~~
  File "/Users/brunamendes/Desktop/AECOM/crypto-shopping-pipeline/.venv/lib/python3.13/site-packages/pandas/core/ops/common.py", line 85, in new_method
    return method(self, other)
  File "/Users/brunamendes/Desktop/AECOM/crypto-shopping-pipeline/.venv/lib/python3.13/site-packages/pandas/core/arraylike.py", line 214, in __truediv__
    return self._arith_method(other, operator.truediv)
           ~~~~~~~~~~~~~~~~~~^^^^^^^^^^^^^^^^^^^^^^^^^
  File "/Users/brunamendes/Desktop/AECOM/crypto-shopping-pipeline/.venv/lib/python3.13/site-packages/pandas/core/series.py", line 6751, in _arith_method
    return base.IndexOpsMixin._arith_method(self, other, op)
           ~~~~~~~~~~~~~~~~~~~~~~~~~~~~~~~~^^^^^^^^^^^^^^^^^
  File "/Users/brunamendes/Desktop/AECOM/crypto-shopping-pipeline/.venv/lib/python3.13/site-packages/pandas/core/base.py", line 1644, in _arith_method
    result = ops.arithmetic_op(lvalues, rvalues, op)
  File "/Users/brunamendes/Desktop/AECOM/crypto-shopping-pipeline/.venv/lib/python3.13/site-packages/pandas/core/ops/array_ops.py", line 289, in arithmetic_op
    res_values = _na_arithmetic_op(left, right, op)  # type: ignore[arg-type]
  File "/Users/brunamendes/Desktop/AECOM/crypto-shopping-pipeline/.venv/lib/python3.13/site-packages/pandas/core/ops/array_ops.py", line 220, in _na_arithmetic_op
    result = func(left, right)
  File "/Users/brunamendes/Desktop/AECOM/crypto-shopping-pipeline/.venv/lib/python3.13/site-packages/pandas/core/computation/expressions.py", line 252, in evaluate
    return _evaluate(op, op_str, left_op, right_op)  # type: ignore[misc]
  File "/Users/brunamendes/Desktop/AECOM/crypto-shopping-pipeline/.venv/lib/python3.13/site-packages/pandas/core/computation/expressions.py", line 83, in _evaluate_standard
    return op(left_op, right_op)
ZeroDivisionError: float division by zero
2026-09-26 00:44:08,686 [INFO] __main__: === Pipeline run started ===
2026-09-26 00:44:08,687 [INFO] __main__: Starting step: extract
2026-09-26 00:44:08,688 [INFO] pipeline.extract: Loading shopping CSV file 2019-Oct.csv
2026-09-26 00:44:51,264 [INFO] pipeline.extract: Loaded 42448764 rows, 9 columns
2026-09-26 00:44:51,309 [INFO] pipeline.extract: Using cached coins list (21589 coins)
2026-09-26 00:44:51,323 [INFO] pipeline.extract: Fetched 21589 coin ids from CoinGecko
2026-09-26 00:44:51,373 [INFO] pipeline.extract: Starting concurrent historical extraction for 5 coins with 5 workers
2026-09-26 00:44:51,391 [INFO] pipeline.extract: Using cached response for range_ethereum_2025-10-01_2025-11-01
2026-09-26 00:44:51,399 [INFO] pipeline.extract: Using cached response for range_binancecoin_2025-10-01_2025-11-01
2026-09-26 00:44:51,399 [INFO] pipeline.extract: Using cached response for range_tether_2025-10-01_2025-11-01
2026-09-26 00:44:51,424 [INFO] pipeline.extract: Completed historical extraction: coin_id=binancecoin rows=32
2026-09-26 00:44:51,424 [INFO] pipeline.extract: Completed historical extraction: coin_id=ethereum rows=32
2026-09-26 00:44:51,424 [INFO] pipeline.extract: Completed historical extraction: coin_id=tether rows=32
2026-09-26 00:44:52,013 [INFO] pipeline.extract: Completed historical extraction: coin_id=bitcoin rows=32
2026-09-26 00:44:52,014 [INFO] pipeline.extract: Completed historical extraction: coin_id=solana rows=32
2026-09-26 00:44:52,015 [INFO] __main__: Finished step: extract (43.33s)
2026-09-26 00:44:52,016 [INFO] __main__: Starting step: transform
2026-09-26 00:46:11,753 [INFO] pipeline.transform: Purchase df null columns:
event_time              0
event_type              0
product_id              0
category_id             0
category_code    13478561
brand             6048407
price                   0
user_id                 0
user_session            2
2026-09-26 00:46:14,781 [INFO] pipeline.transform: Event types in dataset:
event_type
view        40710876
cart          926366
purchase      742849
2026-09-26 00:46:17,854 [INFO] pipeline.transform: clean_shopping: kept 742849/42448764 rows with event_type == 'purchase'
2026-09-26 00:46:17,890 [INFO] pipeline.transform: clean_shopping: 42448764 -> 742849 rows (dropped 41705915, capped 7410)
2026-09-26 00:46:20,426 [INFO] pipeline.transform: shift_year: event_time shifted from 2019 -> 2025 (742849 rows, range 2025-10-01 to 2025-10-31)
2026-09-26 00:46:20,457 [WARNING] pipeline.transform: add_crypto_metrics: tether has only 1 distinct volatility value(s) in the valid window — using fewer buckets instead of the usual low/medium/high split
2026-09-26 00:46:20,458 [INFO] pipeline.transform: add_crypto_metrics: 160 rows, 5 coins, 145 bucketed rows
2026-09-26 00:46:21,053 [INFO] pipeline.transform: join_purchases_crypto: 3714245 purchases joined, 290155 unmatched (7.8%),5 coins
2026-09-26 00:46:21,066 [INFO] __main__: Finished step: transform (89.05s)
2026-09-26 00:46:21,066 [INFO] __main__: Starting step: validate
2026-09-26 00:46:22,764 [INFO] pipeline.transform: validate_all: 3713865 good, 380 rejected ({'duplicate_row': 380})
2026-09-26 00:46:22,874 [WARNING] __main__: 380 rows failed validation and were rejected
2026-09-26 00:46:22,874 [INFO] __main__: Finished step: validate (1.81s)
2026-09-26 00:46:22,874 [INFO] __main__: Starting step: load
2026-09-26 00:46:23,164 [INFO] pipeline.load: Schema created
2026-09-26 00:48:13,715 [INFO] pipeline.load: Loaded 3713865 purchases, 160 crypto days into PostgreSQL
2026-09-26 00:48:13,787 [ERROR] __main__: Step failed: load
Traceback (most recent call last):
  File "/Users/brunamendes/Desktop/AECOM/crypto-shopping-pipeline/.venv/lib/python3.13/site-packages/sqlalchemy/engine/base.py", line 1912, in _exec_single_context
    self.dialect.do_executemany(
    ~~~~~~~~~~~~~~~~~~~~~~~~~~~^
        cursor,
        ^^^^^^^
    ...<2 lines>...
        context,
        ^^^^^^^^
    )
    ^
  File "/Users/brunamendes/Desktop/AECOM/crypto-shopping-pipeline/.venv/lib/python3.13/site-packages/sqlalchemy/engine/default.py", line 1177, in do_executemany
    cursor.executemany(statement, parameters)
    ~~~~~~~~~~~~~~~~~~^^^^^^^^^^^^^^^^^^^^^^^
  File "/Users/brunamendes/Desktop/AECOM/crypto-shopping-pipeline/.venv/lib/python3.13/site-packages/psycopg/cursor.py", line 148, in executemany
    raise ex.with_traceback(None)
psycopg.errors.InvalidTextRepresentation: invalid input syntax for type json
DETAIL:  Token "NaN" is invalid.
CONTEXT:  JSON data, line 1: ...ncecoin", "vol_bucket": null, "daily_return": NaN...
unnamed portal parameter $2 = '...'

The above exception was the direct cause of the following exception:

Traceback (most recent call last):
  File "/Users/brunamendes/Desktop/AECOM/crypto-shopping-pipeline/pipeline/run.py", line 65, in timed
    yield
  File "/Users/brunamendes/Desktop/AECOM/crypto-shopping-pipeline/pipeline/run.py", line 115, in main
    load_tables(engine, purchases=good, crypto=crypto, rejects=rejects)
    ~~~~~~~~~~~^^^^^^^^^^^^^^^^^^^^^^^^^^^^^^^^^^^^^^^^^^^^^^^^^^^^^^^^
  File "/Users/brunamendes/Desktop/AECOM/crypto-shopping-pipeline/pipeline/load.py", line 89, in load_tables
    _load_rejects(engine, rejects)
    ~~~~~~~~~~~~~^^^^^^^^^^^^^^^^^
  File "/Users/brunamendes/Desktop/AECOM/crypto-shopping-pipeline/pipeline/load.py", line 102, in _load_rejects
    conn.execute(
    ~~~~~~~~~~~~^
        text("INSERT INTO rejected_rows (reason, raw_row) VALUES (:reason, :raw_row)"),
        ^^^^^^^^^^^^^^^^^^^^^^^^^^^^^^^^^^^^^^^^^^^^^^^^^^^^^^^^^^^^^^^^^^^^^^^^^^^^^^^
        rows,
        ^^^^^
    )
    ^
  File "/Users/brunamendes/Desktop/AECOM/crypto-shopping-pipeline/.venv/lib/python3.13/site-packages/sqlalchemy/engine/base.py", line 1448, in execute
    return meth(
        self,
        distilled_parameters,
        execution_options or NO_OPTIONS,
    )
  File "/Users/brunamendes/Desktop/AECOM/crypto-shopping-pipeline/.venv/lib/python3.13/site-packages/sqlalchemy/sql/elements.py", line 533, in _execute_on_connection
    return connection._execute_clauseelement(
           ~~~~~~~~~~~~~~~~~~~~~~~~~~~~~~~~~^
        self, distilled_params, execution_options
        ^^^^^^^^^^^^^^^^^^^^^^^^^^^^^^^^^^^^^^^^^
    )
    ^
  File "/Users/brunamendes/Desktop/AECOM/crypto-shopping-pipeline/.venv/lib/python3.13/site-packages/sqlalchemy/engine/base.py", line 1668, in _execute_clauseelement
    ret = self._execute_context(
        dialect,
    ...<9 lines>...
        param_dict=param_dict,
    )
  File "/Users/brunamendes/Desktop/AECOM/crypto-shopping-pipeline/.venv/lib/python3.13/site-packages/sqlalchemy/engine/base.py", line 1822, in _execute_context
    return self._exec_single_context(
           ~~~~~~~~~~~~~~~~~~~~~~~~~^
        dialect, context, statement, parameters
        ^^^^^^^^^^^^^^^^^^^^^^^^^^^^^^^^^^^^^^^
    )
    ^
  File "/Users/brunamendes/Desktop/AECOM/crypto-shopping-pipeline/.venv/lib/python3.13/site-packages/sqlalchemy/engine/base.py", line 1962, in _exec_single_context
    self._handle_dbapi_exception(
    ~~~~~~~~~~~~~~~~~~~~~~~~~~~~^
        e, str_statement, effective_parameters, cursor, context
        ^^^^^^^^^^^^^^^^^^^^^^^^^^^^^^^^^^^^^^^^^^^^^^^^^^^^^^^
    )
    ^
  File "/Users/brunamendes/Desktop/AECOM/crypto-shopping-pipeline/.venv/lib/python3.13/site-packages/sqlalchemy/engine/base.py", line 2332, in _handle_dbapi_exception
    raise sqlalchemy_exception.with_traceback(exc_info[2]) from e
  File "/Users/brunamendes/Desktop/AECOM/crypto-shopping-pipeline/.venv/lib/python3.13/site-packages/sqlalchemy/engine/base.py", line 1912, in _exec_single_context
    self.dialect.do_executemany(
    ~~~~~~~~~~~~~~~~~~~~~~~~~~~^
        cursor,
        ^^^^^^^
    ...<2 lines>...
        context,
        ^^^^^^^^
    )
    ^
  File "/Users/brunamendes/Desktop/AECOM/crypto-shopping-pipeline/.venv/lib/python3.13/site-packages/sqlalchemy/engine/default.py", line 1177, in do_executemany
    cursor.executemany(statement, parameters)
    ~~~~~~~~~~~~~~~~~~^^^^^^^^^^^^^^^^^^^^^^^
  File "/Users/brunamendes/Desktop/AECOM/crypto-shopping-pipeline/.venv/lib/python3.13/site-packages/psycopg/cursor.py", line 148, in executemany
    raise ex.with_traceback(None)
sqlalchemy.exc.DataError: (psycopg.errors.InvalidTextRepresentation) invalid input syntax for type json
DETAIL:  Token "NaN" is invalid.
CONTEXT:  JSON data, line 1: ...ncecoin", "vol_bucket": null, "daily_return": NaN...
unnamed portal parameter $2 = '...'
[SQL: INSERT INTO rejected_rows (reason, raw_row) VALUES (%(reason)s, %(raw_row)s)]
[parameters: [{'reason': 'duplicate_row', 'raw_row': '{"event_time": "2025-10-01 06:41:39+00:00", "event_type": "purchase", "product_id": 1004856, "category_id": 2053013555631882655, "category_code": "el ... (135 characters truncated) ... ", "purchase_date": "2025-10-01", "coin_id": "binancecoin", "vol_bucket": null, "daily_return": NaN, "volatility_7d": NaN, "reason": "duplicate_row"}'}, {'reason': 'duplicate_row', 'raw_row': '{"event_time": "2025-10-01 06:41:39+00:00", "event_type": "purchase", "product_id": 1004856, "category_id": 2053013555631882655, "category_code": "el ... (131 characters truncated) ... 238c", "purchase_date": "2025-10-01", "coin_id": "bitcoin", "vol_bucket": null, "daily_return": NaN, "volatility_7d": NaN, "reason": "duplicate_row"}'}, {'reason': 'duplicate_row', 'raw_row': '{"event_time": "2025-10-01 06:41:39+00:00", "event_type": "purchase", "product_id": 1004856, "category_id": 2053013555631882655, "category_code": "el ... (132 characters truncated) ... 38c", "purchase_date": "2025-10-01", "coin_id": "ethereum", "vol_bucket": null, "daily_return": NaN, "volatility_7d": NaN, "reason": "duplicate_row"}'}, {'reason': 'duplicate_row', 'raw_row': '{"event_time": "2025-10-01 06:41:39+00:00", "event_type": "purchase", "product_id": 1004856, "category_id": 2053013555631882655, "category_code": "el ... (130 characters truncated) ... a238c", "purchase_date": "2025-10-01", "coin_id": "solana", "vol_bucket": null, "daily_return": NaN, "volatility_7d": NaN, "reason": "duplicate_row"}'}, {'reason': 'duplicate_row', 'raw_row': '{"event_time": "2025-10-01 06:41:39+00:00", "event_type": "purchase", "product_id": 1004856, "category_id": 2053013555631882655, "category_code": "el ... (130 characters truncated) ... a238c", "purchase_date": "2025-10-01", "coin_id": "tether", "vol_bucket": null, "daily_return": NaN, "volatility_7d": NaN, "reason": "duplicate_row"}'}, {'reason': 'duplicate_row', 'raw_row': '{"event_time": "2025-10-01 12:42:40+00:00", "event_type": "purchase", "product_id": 1004767, "category_id": 2053013555631882655, "category_code": "el ... (135 characters truncated) ... ", "purchase_date": "2025-10-01", "coin_id": "binancecoin", "vol_bucket": null, "daily_return": NaN, "volatility_7d": NaN, "reason": "duplicate_row"}'}, {'reason': 'duplicate_row', 'raw_row': '{"event_time": "2025-10-01 12:42:40+00:00", "event_type": "purchase", "product_id": 1004767, "category_id": 2053013555631882655, "category_code": "el ... (131 characters truncated) ... 6aca", "purchase_date": "2025-10-01", "coin_id": "bitcoin", "vol_bucket": null, "daily_return": NaN, "volatility_7d": NaN, "reason": "duplicate_row"}'}, {'reason': 'duplicate_row', 'raw_row': '{"event_time": "2025-10-01 12:42:40+00:00", "event_type": "purchase", "product_id": 1004767, "category_id": 2053013555631882655, "category_code": "el ... (132 characters truncated) ... aca", "purchase_date": "2025-10-01", "coin_id": "ethereum", "vol_bucket": null, "daily_return": NaN, "volatility_7d": NaN, "reason": "duplicate_row"}'}  ... displaying 10 of 380 total bound parameter sets ...  {'reason': 'duplicate_row', 'raw_row': '{"event_time": "2025-10-31 08:12:51+00:00", "event_type": "purchase", "product_id": 1004209, "category_id": 2053013555631882655, "category_code": "el ... (164 characters truncated) ... 1", "coin_id": "solana", "vol_bucket": "low", "daily_return": -0.049312103880043257, "volatility_7d": 0.02555427231470493, "reason": "duplicate_row"}'}, {'reason': 'duplicate_row', 'raw_row': '{"event_time": "2025-10-31 08:12:51+00:00", "event_type": "purchase", "product_id": 1004209, "category_id": 2053013555631882655, "category_code": "el ... (130 characters truncated) ... 3fc1", "purchase_date": "2025-10-31", "coin_id": "tether", "vol_bucket": "low", "daily_return": 0.0, "volatility_7d": 0.0, "reason": "duplicate_row"}'}]]
(Background on this error at: https://sqlalche.me/e/21/9h9h)
